TEST 1 BEGIN
$ echo triangle_1.txt | python3 triangle.py
Enter the file name you want to open: triangle_1.txt
Traceback (most recent call last):
  File "triangle.py", line 141, in <module>
    final_list=record_b[1]
NameError: name 'record_b' is not defined
TEST 1 END

TEST 2 BEGIN
$ echo triangle_2.txt | python3 triangle.py
Enter the file name you want to open: triangle_2.txt
Which data file do you want to use? triangle_2.txt
The largest sum is: 27
The number of paths yielding this sum is: 2
The leftmost path yielding this sum is: [8, 1, 7, 8, 3]
TEST 2 END

TEST 3 BEGIN
$ echo triangle_3.txt | python3 triangle.py
Enter the file name you want to open: triangle_3.txt
Which data file do you want to use? triangle_3.txt
The largest sum is: 52
The number of paths yielding this sum is: 1
The leftmost path yielding this sum is: [1, 8, 8, 2, 6, 1, 8, 9, 9]
TEST 3 END

TEST 4 BEGIN
$ echo triangle_4.txt | python3 triangle.py
Enter the file name you want to open: triangle_4.txt
Which data file do you want to use? triangle_4.txt
The largest sum is: 110
The number of paths yielding this sum is: 2
The leftmost path yielding this sum is: [4, 8, 6, 8, 2, 4, 5, 7, 5, 5, 8, 7, 8, 4, 9, 5, 7, 4, 4]
TEST 4 END

TEST 5 BEGIN
$ echo triangle_5.txt | python3 triangle.py
Enter the file name you want to open: triangle_5.txt
Which data file do you want to use? triangle_5.txt
The largest sum is: 307
The number of paths yielding this sum is: 10
The leftmost path yielding this sum is: [8, 8, 1, 9, 7, 7, 6, 6, 6, 9, 5, 7, 8, 8, 1, 9, 0, 7, 7, 9, 5, 5, 7, 9, 1, 8, 6, 1, 7, 4, 9, 6, 8, 5, 9, 5, 6, 7, 5, 3, 9, 8, 6, 4, 6, 3, 9, 9, 9]
TEST 5 END

TEST 6 BEGIN
$ echo triangle_6.txt | python3 triangle.py
Enter the file name you want to open: triangle_6.txt
Which data file do you want to use? triangle_6.txt
The largest sum is: 622
The number of paths yielding this sum is: 48
The leftmost path yielding this sum is: [1, 5, 7, 2, 1, 6, 1, 7, 7, 4, 8, 8, 6, 5, 6, 8, 7, 9, 8, 6, 9, 7, 9, 2, 8, 8, 4, 8, 1, 7, 5, 8, 8, 7, 9, 1, 5, 5, 3, 4, 8, 7, 4, 8, 8, 7, 9, 4, 7, 9, 6, 1, 9, 5, 0, 4, 4, 6, 8, 3, 9, 7, 6, 6, 7, 8, 8, 7, 8, 8, 0, 9, 8, 6, 6, 9, 2, 7, 9, 8, 9, 2, 7, 9, 8, 7, 9, 7, 7, 1, 9, 7, 4, 9, 9, 9, 8, 7, 9]
TEST 6 END

TEST 7 BEGIN
$ echo triangle_7.txt | python3 triangle.py
Enter the file name you want to open: triangle_7.txt
Which data file do you want to use? triangle_7.txt
The largest sum is: 88
The number of paths yielding this sum is: 11943936
The leftmost path yielding this sum is: [1, 0, 1, 1, 1, 1, 1, 1, 1, 1, 1, 1, 1, 0, 1, 1, 1, 1, 1, 1, 1, 1, 1, 1, 1, 0, 1, 1, 1, 1, 1, 1, 1, 1, 1, 1, 0, 0, 1, 1, 1, 1, 1, 1, 1, 1, 1, 0, 1, 1, 1, 1, 1, 1, 0, 0, 1, 1, 1, 1, 0, 1, 1, 1, 1, 1, 1, 1, 1, 1, 1, 1, 1, 1, 1, 1, 0, 1, 1, 1, 1, 1, 1, 0, 1, 1, 1, 1, 1, 1, 1, 1, 1, 1, 1, 1, 1, 1, 1]
TEST 7 END

TEST 8 BEGIN
$ echo triangle_8.txt | python3 triangle.py
Max running time exceeded, program killed
TEST 8 END

TEST 9 BEGIN
$ echo triangle_9.txt | python3 triangle.py
Max running time exceeded, program killed
TEST 9 END

